[2026-03-23 02:53:20] START A_tide_level_rising_pack_off tide=tide_level_rising pack=False
/Users/anshumalimehta/Projects/epoch_ai/.venv/lib/python3.9/site-packages/sklearn/utils/deprecation.py:151: FutureWarning: 'force_all_finite' was renamed to 'ensure_all_finite' in 1.6 and will be removed in 1.8.
  warnings.warn(
/Users/anshumalimehta/Projects/epoch_ai/.venv/lib/python3.9/site-packages/sklearn/base.py:484: FutureWarning: `BaseEstimator._check_n_features` is deprecated in 1.6 and will be removed in 1.7. Use `sklearn.utils.validation._check_n_features` instead.
  warnings.warn(
/Users/anshumalimehta/Projects/epoch_ai/.venv/lib/python3.9/site-packages/sklearn/base.py:493: FutureWarning: `BaseEstimator._check_feature_names` is deprecated in 1.6 and will be removed in 1.7. Use `sklearn.utils.validation._check_feature_names` instead.
  warnings.warn(
/Users/anshumalimehta/Projects/epoch_ai/.venv/lib/python3.9/site-packages/sklearn/utils/validation.py:2739: UserWarning: X does not have valid feature names, but LGBMClassifier was fitted with feature names
  warnings.warn(
/Users/anshumalimehta/Projects/epoch_ai/.venv/lib/python3.9/site-packages/sklearn/utils/validation.py:2739: UserWarning: X does not have valid feature names, but LGBMClassifier was fitted with feature names
  warnings.warn(
/Users/anshumalimehta/Projects/epoch_ai/.venv/lib/python3.9/site-packages/sklearn/utils/deprecation.py:151: FutureWarning: 'force_all_finite' was renamed to 'ensure_all_finite' in 1.6 and will be removed in 1.8.
  warnings.warn(
/Users/anshumalimehta/Projects/epoch_ai/.venv/lib/python3.9/site-packages/sklearn/base.py:484: FutureWarning: `BaseEstimator._check_n_features` is deprecated in 1.6 and will be removed in 1.7. Use `sklearn.utils.validation._check_n_features` instead.
  warnings.warn(
/Users/anshumalimehta/Projects/epoch_ai/.venv/lib/python3.9/site-packages/sklearn/base.py:493: FutureWarning: `BaseEstimator._check_feature_names` is deprecated in 1.6 and will be removed in 1.7. Use `sklearn.utils.validation._check_feature_names` instead.
  warnings.warn(
/Users/anshumalimehta/Projects/epoch_ai/.venv/lib/python3.9/site-packages/sklearn/utils/validation.py:2739: UserWarning: X does not have valid feature names, but LGBMClassifier was fitted with feature names
  warnings.warn(
/Users/anshumalimehta/Projects/epoch_ai/.venv/lib/python3.9/site-packages/sklearn/utils/validation.py:2739: UserWarning: X does not have valid feature names, but LGBMClassifier was fitted with feature names
  warnings.warn(
/Users/anshumalimehta/Projects/epoch_ai/.venv/lib/python3.9/site-packages/sklearn/utils/deprecation.py:151: FutureWarning: 'force_all_finite' was renamed to 'ensure_all_finite' in 1.6 and will be removed in 1.8.
  warnings.warn(
/Users/anshumalimehta/Projects/epoch_ai/.venv/lib/python3.9/site-packages/sklearn/base.py:484: FutureWarning: `BaseEstimator._check_n_features` is deprecated in 1.6 and will be removed in 1.7. Use `sklearn.utils.validation._check_n_features` instead.
  warnings.warn(
/Users/anshumalimehta/Projects/epoch_ai/.venv/lib/python3.9/site-packages/sklearn/base.py:493: FutureWarning: `BaseEstimator._check_feature_names` is deprecated in 1.6 and will be removed in 1.7. Use `sklearn.utils.validation._check_feature_names` instead.
  warnings.warn(
/Users/anshumalimehta/Projects/epoch_ai/.venv/lib/python3.9/site-packages/sklearn/utils/validation.py:2739: UserWarning: X does not have valid feature names, but LGBMClassifier was fitted with feature names
  warnings.warn(
/Users/anshumalimehta/Projects/epoch_ai/.venv/lib/python3.9/site-packages/sklearn/utils/validation.py:2739: UserWarning: X does not have valid feature names, but LGBMClassifier was fitted with feature names
  warnings.warn(
/Users/anshumalimehta/Projects/epoch_ai/.venv/lib/python3.9/site-packages/sklearn/utils/deprecation.py:151: FutureWarning: 'force_all_finite' was renamed to 'ensure_all_finite' in 1.6 and will be removed in 1.8.
  warnings.warn(
/Users/anshumalimehta/Projects/epoch_ai/.venv/lib/python3.9/site-packages/sklearn/base.py:484: FutureWarning: `BaseEstimator._check_n_features` is deprecated in 1.6 and will be removed in 1.7. Use `sklearn.utils.validation._check_n_features` instead.
  warnings.warn(
/Users/anshumalimehta/Projects/epoch_ai/.venv/lib/python3.9/site-packages/sklearn/base.py:493: FutureWarning: `BaseEstimator._check_feature_names` is deprecated in 1.6 and will be removed in 1.7. Use `sklearn.utils.validation._check_feature_names` instead.
  warnings.warn(
/Users/anshumalimehta/Projects/epoch_ai/.venv/lib/python3.9/site-packages/sklearn/utils/validation.py:2739: UserWarning: X does not have valid feature names, but LGBMClassifier was fitted with feature names
  warnings.warn(
/Users/anshumalimehta/Projects/epoch_ai/.venv/lib/python3.9/site-packages/sklearn/utils/validation.py:2739: UserWarning: X does not have valid feature names, but LGBMClassifier was fitted with feature names
  warnings.warn(
/Users/anshumalimehta/Projects/epoch_ai/.venv/lib/python3.9/site-packages/sklearn/utils/deprecation.py:151: FutureWarning: 'force_all_finite' was renamed to 'ensure_all_finite' in 1.6 and will be removed in 1.8.
  warnings.warn(
/Users/anshumalimehta/Projects/epoch_ai/.venv/lib/python3.9/site-packages/sklearn/base.py:484: FutureWarning: `BaseEstimator._check_n_features` is deprecated in 1.6 and will be removed in 1.7. Use `sklearn.utils.validation._check_n_features` instead.
  warnings.warn(
/Users/anshumalimehta/Projects/epoch_ai/.venv/lib/python3.9/site-packages/sklearn/base.py:493: FutureWarning: `BaseEstimator._check_feature_names` is deprecated in 1.6 and will be removed in 1.7. Use `sklearn.utils.validation._check_feature_names` instead.
  warnings.warn(
/Users/anshumalimehta/Projects/epoch_ai/.venv/lib/python3.9/site-packages/sklearn/utils/validation.py:2739: UserWarning: X does not have valid feature names, but LGBMClassifier was fitted with feature names
  warnings.warn(
/Users/anshumalimehta/Projects/epoch_ai/.venv/lib/python3.9/site-packages/sklearn/utils/validation.py:2739: UserWarning: X does not have valid feature names, but LGBMClassifier was fitted with feature names
  warnings.warn(
/Users/anshumalimehta/Projects/epoch_ai/.venv/lib/python3.9/site-packages/sklearn/utils/deprecation.py:151: FutureWarning: 'force_all_finite' was renamed to 'ensure_all_finite' in 1.6 and will be removed in 1.8.
  warnings.warn(
/Users/anshumalimehta/Projects/epoch_ai/.venv/lib/python3.9/site-packages/sklearn/base.py:484: FutureWarning: `BaseEstimator._check_n_features` is deprecated in 1.6 and will be removed in 1.7. Use `sklearn.utils.validation._check_n_features` instead.
  warnings.warn(
/Users/anshumalimehta/Projects/epoch_ai/.venv/lib/python3.9/site-packages/sklearn/base.py:493: FutureWarning: `BaseEstimator._check_feature_names` is deprecated in 1.6 and will be removed in 1.7. Use `sklearn.utils.validation._check_feature_names` instead.
  warnings.warn(
/Users/anshumalimehta/Projects/epoch_ai/.venv/lib/python3.9/site-packages/sklearn/utils/validation.py:2739: UserWarning: X does not have valid feature names, but LGBMClassifier was fitted with feature names
  warnings.warn(
/Users/anshumalimehta/Projects/epoch_ai/.venv/lib/python3.9/site-packages/sklearn/utils/validation.py:2739: UserWarning: X does not have valid feature names, but LGBMClassifier was fitted with feature names
  warnings.warn(
/Users/anshumalimehta/Projects/epoch_ai/.venv/lib/python3.9/site-packages/sklearn/utils/deprecation.py:151: FutureWarning: 'force_all_finite' was renamed to 'ensure_all_finite' in 1.6 and will be removed in 1.8.
  warnings.warn(
/Users/anshumalimehta/Projects/epoch_ai/.venv/lib/python3.9/site-packages/sklearn/base.py:484: FutureWarning: `BaseEstimator._check_n_features` is deprecated in 1.6 and will be removed in 1.7. Use `sklearn.utils.validation._check_n_features` instead.
  warnings.warn(
/Users/anshumalimehta/Projects/epoch_ai/.venv/lib/python3.9/site-packages/sklearn/base.py:493: FutureWarning: `BaseEstimator._check_feature_names` is deprecated in 1.6 and will be removed in 1.7. Use `sklearn.utils.validation._check_feature_names` instead.
  warnings.warn(
/Users/anshumalimehta/Projects/epoch_ai/.venv/lib/python3.9/site-packages/sklearn/utils/validation.py:2739: UserWarning: X does not have valid feature names, but LGBMClassifier was fitted with feature names
  warnings.warn(
/Users/anshumalimehta/Projects/epoch_ai/.venv/lib/python3.9/site-packages/sklearn/utils/validation.py:2739: UserWarning: X does not have valid feature names, but LGBMClassifier was fitted with feature names
  warnings.warn(
/Users/anshumalimehta/Projects/epoch_ai/.venv/lib/python3.9/site-packages/sklearn/utils/deprecation.py:151: FutureWarning: 'force_all_finite' was renamed to 'ensure_all_finite' in 1.6 and will be removed in 1.8.
  warnings.warn(
/Users/anshumalimehta/Projects/epoch_ai/.venv/lib/python3.9/site-packages/sklearn/base.py:484: FutureWarning: `BaseEstimator._check_n_features` is deprecated in 1.6 and will be removed in 1.7. Use `sklearn.utils.validation._check_n_features` instead.
  warnings.warn(
/Users/anshumalimehta/Projects/epoch_ai/.venv/lib/python3.9/site-packages/sklearn/base.py:493: FutureWarning: `BaseEstimator._check_feature_names` is deprecated in 1.6 and will be removed in 1.7. Use `sklearn.utils.validation._check_feature_names` instead.
  warnings.warn(
/Users/anshumalimehta/Projects/epoch_ai/.venv/lib/python3.9/site-packages/sklearn/utils/validation.py:2739: UserWarning: X does not have valid feature names, but LGBMClassifier was fitted with feature names
  warnings.warn(
/Users/anshumalimehta/Projects/epoch_ai/.venv/lib/python3.9/site-packages/sklearn/utils/validation.py:2739: UserWarning: X does not have valid feature names, but LGBMClassifier was fitted with feature names
  warnings.warn(
/Users/anshumalimehta/Projects/epoch_ai/.venv/lib/python3.9/site-packages/sklearn/utils/deprecation.py:151: FutureWarning: 'force_all_finite' was renamed to 'ensure_all_finite' in 1.6 and will be removed in 1.8.
  warnings.warn(
/Users/anshumalimehta/Projects/epoch_ai/.venv/lib/python3.9/site-packages/sklearn/base.py:484: FutureWarning: `BaseEstimator._check_n_features` is deprecated in 1.6 and will be removed in 1.7. Use `sklearn.utils.validation._check_n_features` instead.
  warnings.warn(
/Users/anshumalimehta/Projects/epoch_ai/.venv/lib/python3.9/site-packages/sklearn/base.py:493: FutureWarning: `BaseEstimator._check_feature_names` is deprecated in 1.6 and will be removed in 1.7. Use `sklearn.utils.validation._check_feature_names` instead.
  warnings.warn(
/Users/anshumalimehta/Projects/epoch_ai/.venv/lib/python3.9/site-packages/sklearn/utils/validation.py:2739: UserWarning: X does not have valid feature names, but LGBMClassifier was fitted with feature names
  warnings.warn(
/Users/anshumalimehta/Projects/epoch_ai/.venv/lib/python3.9/site-packages/sklearn/utils/validation.py:2739: UserWarning: X does not have valid feature names, but LGBMClassifier was fitted with feature names
  warnings.warn(
/Users/anshumalimehta/Projects/epoch_ai/.venv/lib/python3.9/site-packages/sklearn/utils/deprecation.py:151: FutureWarning: 'force_all_finite' was renamed to 'ensure_all_finite' in 1.6 and will be removed in 1.8.
  warnings.warn(
/Users/anshumalimehta/Projects/epoch_ai/.venv/lib/python3.9/site-packages/sklearn/base.py:484: FutureWarning: `BaseEstimator._check_n_features` is deprecated in 1.6 and will be removed in 1.7. Use `sklearn.utils.validation._check_n_features` instead.
  warnings.warn(
/Users/anshumalimehta/Projects/epoch_ai/.venv/lib/python3.9/site-packages/sklearn/base.py:493: FutureWarning: `BaseEstimator._check_feature_names` is deprecated in 1.6 and will be removed in 1.7. Use `sklearn.utils.validation._check_feature_names` instead.
  warnings.warn(
/Users/anshumalimehta/Projects/epoch_ai/.venv/lib/python3.9/site-packages/sklearn/utils/validation.py:2739: UserWarning: X does not have valid feature names, but LGBMClassifier was fitted with feature names
  warnings.warn(
/Users/anshumalimehta/Projects/epoch_ai/.venv/lib/python3.9/site-packages/sklearn/utils/validation.py:2739: UserWarning: X does not have valid feature names, but LGBMClassifier was fitted with feature names
  warnings.warn(
/Users/anshumalimehta/Projects/epoch_ai/.venv/lib/python3.9/site-packages/sklearn/utils/validation.py:2739: UserWarning: X does not have valid feature names, but LGBMClassifier was fitted with feature names
  warnings.warn(
/Users/anshumalimehta/Projects/epoch_ai/.venv/lib/python3.9/site-packages/sklearn/utils/validation.py:2739: UserWarning: X does not have valid feature names, but LGBMClassifier was fitted with feature names
  warnings.warn(
/Users/anshumalimehta/Projects/epoch_ai/.venv/lib/python3.9/site-packages/sklearn/utils/validation.py:2739: UserWarning: X does not have valid feature names, but LGBMClassifier was fitted with feature names
  warnings.warn(
/Users/anshumalimehta/Projects/epoch_ai/.venv/lib/python3.9/site-packages/sklearn/utils/validation.py:2739: UserWarning: X does not have valid feature names, but LGBMClassifier was fitted with feature names
  warnings.warn(
/Users/anshumalimehta/Projects/epoch_ai/.venv/lib/python3.9/site-packages/sklearn/utils/validation.py:2739: UserWarning: X does not have valid feature names, but LGBMClassifier was fitted with feature names
  warnings.warn(
/Users/anshumalimehta/Projects/epoch_ai/.venv/lib/python3.9/site-packages/sklearn/utils/validation.py:2739: UserWarning: X does not have valid feature names, but LGBMClassifier was fitted with feature names
  warnings.warn(
/Users/anshumalimehta/Projects/epoch_ai/.venv/lib/python3.9/site-packages/sklearn/utils/validation.py:2739: UserWarning: X does not have valid feature names, but LGBMClassifier was fitted with feature names
  warnings.warn(
/Users/anshumalimehta/Projects/epoch_ai/.venv/lib/python3.9/site-packages/sklearn/utils/validation.py:2739: UserWarning: X does not have valid feature names, but LGBMClassifier was fitted with feature names
  warnings.warn(
/Users/anshumalimehta/Projects/epoch_ai/.venv/lib/python3.9/site-packages/sklearn/utils/validation.py:2739: UserWarning: X does not have valid feature names, but LGBMClassifier was fitted with feature names
  warnings.warn(
/Users/anshumalimehta/Projects/epoch_ai/.venv/lib/python3.9/site-packages/sklearn/utils/validation.py:2739: UserWarning: X does not have valid feature names, but LGBMClassifier was fitted with feature names
  warnings.warn(
/Users/anshumalimehta/Projects/epoch_ai/.venv/lib/python3.9/site-packages/sklearn/utils/validation.py:2739: UserWarning: X does not have valid feature names, but LGBMClassifier was fitted with feature names
  warnings.warn(
/Users/anshumalimehta/Projects/epoch_ai/.venv/lib/python3.9/site-packages/sklearn/utils/validation.py:2739: UserWarning: X does not have valid feature names, but LGBMClassifier was fitted with feature names
  warnings.warn(
/Users/anshumalimehta/Projects/epoch_ai/.venv/lib/python3.9/site-packages/sklearn/utils/validation.py:2739: UserWarning: X does not have valid feature names, but LGBMClassifier was fitted with feature names
  warnings.warn(
/Users/anshumalimehta/Projects/epoch_ai/.venv/lib/python3.9/site-packages/sklearn/utils/validation.py:2739: UserWarning: X does not have valid feature names, but LGBMClassifier was fitted with feature names
  warnings.warn(
/Users/anshumalimehta/Projects/epoch_ai/.venv/lib/python3.9/site-packages/sklearn/utils/validation.py:2739: UserWarning: X does not have valid feature names, but LGBMClassifier was fitted with feature names
  warnings.warn(
/Users/anshumalimehta/Projects/epoch_ai/.venv/lib/python3.9/site-packages/sklearn/utils/validation.py:2739: UserWarning: X does not have valid feature names, but LGBMClassifier was fitted with feature names
  warnings.warn(
/Users/anshumalimehta/Projects/epoch_ai/.venv/lib/python3.9/site-packages/sklearn/utils/validation.py:2739: UserWarning: X does not have valid feature names, but LGBMClassifier was fitted with feature names
  warnings.warn(
/Users/anshumalimehta/Projects/epoch_ai/.venv/lib/python3.9/site-packages/sklearn/utils/validation.py:2739: UserWarning: X does not have valid feature names, but LGBMClassifier was fitted with feature names
  warnings.warn(
/Users/anshumalimehta/Projects/epoch_ai/.venv/lib/python3.9/site-packages/sklearn/utils/validation.py:2739: UserWarning: X does not have valid feature names, but LGBMClassifier was fitted with feature names
  warnings.warn(
/Users/anshumalimehta/Projects/epoch_ai/.venv/lib/python3.9/site-packages/sklearn/utils/validation.py:2739: UserWarning: X does not have valid feature names, but LGBMClassifier was fitted with feature names
  warnings.warn(
/Users/anshumalimehta/Projects/epoch_ai/.venv/lib/python3.9/site-packages/sklearn/utils/validation.py:2739: UserWarning: X does not have valid feature names, but LGBMClassifier was fitted with feature names
  warnings.warn(
/Users/anshumalimehta/Projects/epoch_ai/.venv/lib/python3.9/site-packages/sklearn/utils/validation.py:2739: UserWarning: X does not have valid feature names, but LGBMClassifier was fitted with feature names
  warnings.warn(
/Users/anshumalimehta/Projects/epoch_ai/.venv/lib/python3.9/site-packages/sklearn/utils/validation.py:2739: UserWarning: X does not have valid feature names, but LGBMClassifier was fitted with feature names
  warnings.warn(
/Users/anshumalimehta/Projects/epoch_ai/.venv/lib/python3.9/site-packages/sklearn/utils/validation.py:2739: UserWarning: X does not have valid feature names, but LGBMClassifier was fitted with feature names
  warnings.warn(
/Users/anshumalimehta/Projects/epoch_ai/.venv/lib/python3.9/site-packages/sklearn/utils/validation.py:2739: UserWarning: X does not have valid feature names, but LGBMClassifier was fitted with feature names
  warnings.warn(
/Users/anshumalimehta/Projects/epoch_ai/.venv/lib/python3.9/site-packages/sklearn/utils/validation.py:2739: UserWarning: X does not have valid feature names, but LGBMClassifier was fitted with feature names
  warnings.warn(
/Users/anshumalimehta/Projects/epoch_ai/.venv/lib/python3.9/site-packages/sklearn/utils/validation.py:2739: UserWarning: X does not have valid feature names, but LGBMClassifier was fitted with feature names
  warnings.warn(
/Users/anshumalimehta/Projects/epoch_ai/.venv/lib/python3.9/site-packages/sklearn/utils/validation.py:2739: UserWarning: X does not have valid feature names, but LGBMClassifier was fitted with feature names
  warnings.warn(
/Users/anshumalimehta/Projects/epoch_ai/.venv/lib/python3.9/site-packages/sklearn/utils/validation.py:2739: UserWarning: X does not have valid feature names, but LGBMClassifier was fitted with feature names
  warnings.warn(
/Users/anshumalimehta/Projects/epoch_ai/.venv/lib/python3.9/site-packages/sklearn/utils/validation.py:2739: UserWarning: X does not have valid feature names, but LGBMClassifier was fitted with feature names
  warnings.warn(
/Users/anshumalimehta/Projects/epoch_ai/.venv/lib/python3.9/site-packages/sklearn/utils/validation.py:2739: UserWarning: X does not have valid feature names, but LGBMClassifier was fitted with feature names
  warnings.warn(
/Users/anshumalimehta/Projects/epoch_ai/.venv/lib/python3.9/site-packages/sklearn/utils/validation.py:2739: UserWarning: X does not have valid feature names, but LGBMClassifier was fitted with feature names
  warnings.warn(
/Users/anshumalimehta/Projects/epoch_ai/.venv/lib/python3.9/site-packages/sklearn/utils/validation.py:2739: UserWarning: X does not have valid feature names, but LGBMClassifier was fitted with feature names
  warnings.warn(
/Users/anshumalimehta/Projects/epoch_ai/.venv/lib/python3.9/site-packages/sklearn/utils/validation.py:2739: UserWarning: X does not have valid feature names, but LGBMClassifier was fitted with feature names
  warnings.warn(
/Users/anshumalimehta/Projects/epoch_ai/.venv/lib/python3.9/site-packages/sklearn/utils/validation.py:2739: UserWarning: X does not have valid feature names, but LGBMClassifier was fitted with feature names
  warnings.warn(
/Users/anshumalimehta/Projects/epoch_ai/.venv/lib/python3.9/site-packages/sklearn/utils/validation.py:2739: UserWarning: X does not have valid feature names, but LGBMClassifier was fitted with feature names
  warnings.warn(
/Users/anshumalimehta/Projects/epoch_ai/.venv/lib/python3.9/site-packages/sklearn/utils/validation.py:2739: UserWarning: X does not have valid feature names, but LGBMClassifier was fitted with feature names
  warnings.warn(
/Users/anshumalimehta/Projects/epoch_ai/.venv/lib/python3.9/site-packages/sklearn/utils/validation.py:2739: UserWarning: X does not have valid feature names, but LGBMClassifier was fitted with feature names
  warnings.warn(
/Users/anshumalimehta/Projects/epoch_ai/.venv/lib/python3.9/site-packages/sklearn/utils/validation.py:2739: UserWarning: X does not have valid feature names, but LGBMClassifier was fitted with feature names
  warnings.warn(
/Users/anshumalimehta/Projects/epoch_ai/.venv/lib/python3.9/site-packages/sklearn/utils/validation.py:2739: UserWarning: X does not have valid feature names, but LGBMClassifier was fitted with feature names
  warnings.warn(
Loading openmeteo_tide dataset...
  train file: dataset/train_with_openmeteo_tide.csv
  test file:  dataset/test_with_openmeteo_tide.csv
Train: (2601, 42), Test: (1872, 35)
Assumption: tide features were pre-merged using nearest merge_asof with ~10-15 min tolerance.
Assumption: tide columns (tide_water_level_cm_nap, tide_delta_10min, rising_tide_flag) are present.
Extracting trajectory features for train_df...
Extracting trajectory features for test_df...
Tide ablation mode: tide_level_rising
Selected weather features: 18
Metadata interaction pack disabled
Feature matrix: X=(2601, 59), X_test=(1872, 59), classes=9
Oversampler: SMOTENC (default)
Training 10-fold StratifiedGroupKFold...
  Fold 1/10 — train: 2356, val: 245, val mAP: 0.6885
  Fold 2/10 — train: 2313, val: 288, val mAP: 0.6756
  Fold 3/10 — train: 2333, val: 268, val mAP: 0.6749
  Fold 4/10 — train: 2348, val: 253, val mAP: 0.5593
  Fold 5/10 — train: 2325, val: 276, val mAP: 0.7093
  Fold 6/10 — train: 2353, val: 248, val mAP: 0.7238
  Fold 7/10 — train: 2351, val: 250, val mAP: 0.5456
  Fold 8/10 — train: 2316, val: 285, val mAP: 0.5759
  Fold 9/10 — train: 2353, val: 248, val mAP: 0.5695
  Fold 10/10 — train: 2361, val: 240, val mAP: 0.7408

==================================================
CATBOOST ENSEMBLE
==================================================
Training 10-fold CatBoost...
  Fold 1/10 — val mAP: 0.6777
  Fold 2/10 — val mAP: 0.6637
  Fold 3/10 — val mAP: 0.6525
  Fold 4/10 — val mAP: 0.5427
  Fold 5/10 — val mAP: 0.7827
  Fold 6/10 — val mAP: 0.7507
  Fold 7/10 — val mAP: 0.5377
  Fold 8/10 — val mAP: 0.5864
  Fold 9/10 — val mAP: 0.5449
  Fold 10/10 — val mAP: 0.6829
  CatBoost standalone mAP: 0.6117
  Ensembled LightGBM + CatBoost (simple average)

==================================================
TWO-STAGE GULL DETECTOR
==================================================
Training 10-fold two-stage...
  Fold 1/10 — val mAP: 0.7013
  Fold 2/10 — val mAP: 0.6171
  Fold 3/10 — val mAP: 0.6502
  Fold 4/10 — val mAP: 0.5678
  Fold 5/10 — val mAP: 0.7444
  Fold 6/10 — val mAP: 0.7059
  Fold 7/10 — val mAP: 0.5890
  Fold 8/10 — val mAP: 0.5660
  Fold 9/10 — val mAP: 0.5538
  Fold 10/10 — val mAP: 0.6860

  Two-stage standalone mAP: 0.6082
  Per-class AP (two-stage):
    Clutter             : 0.8301
    Cormorants          : 0.2629
    Pigeons             : 0.8321
    Ducks               : 0.6401
    Geese               : 0.3861
    Gulls               : 0.9431
    Birds of Prey       : 0.5625
    Waders              : 0.2933
    Songbirds           : 0.7232

  Ensembled with base model (simple average)

==================================================
 OOF Macro-Averaged AP (mAP): 0.6316
==================================================

 Per-Class Average Precision:
   Clutter             : 0.8628
   Cormorants          : 0.2762
   Pigeons             : 0.8421
   Ducks               : 0.6843
   Geese               : 0.3951
   Gulls               : 0.9419
   Birds of Prey       : 0.6055
   Waders              : 0.3283
   Songbirds           : 0.7479

Saved run_logs/metadata_matrix/A_tide_level_rising_pack_off_submission.csv (1872 rows)
[2026-03-23 03:00:14] END A_tide_level_rising_pack_off
