[2026-03-23 03:00:14] START B_tide_level_rising_pack_on tide=tide_level_rising pack=True
/Users/anshumalimehta/Projects/epoch_ai/.venv/lib/python3.9/site-packages/sklearn/utils/deprecation.py:151: FutureWarning: 'force_all_finite' was renamed to 'ensure_all_finite' in 1.6 and will be removed in 1.8.
  warnings.warn(
/Users/anshumalimehta/Projects/epoch_ai/.venv/lib/python3.9/site-packages/sklearn/base.py:484: FutureWarning: `BaseEstimator._check_n_features` is deprecated in 1.6 and will be removed in 1.7. Use `sklearn.utils.validation._check_n_features` instead.
  warnings.warn(
/Users/anshumalimehta/Projects/epoch_ai/.venv/lib/python3.9/site-packages/sklearn/base.py:493: FutureWarning: `BaseEstimator._check_feature_names` is deprecated in 1.6 and will be removed in 1.7. Use `sklearn.utils.validation._check_feature_names` instead.
  warnings.warn(
/Users/anshumalimehta/Projects/epoch_ai/.venv/lib/python3.9/site-packages/sklearn/utils/validation.py:2739: UserWarning: X does not have valid feature names, but LGBMClassifier was fitted with feature names
  warnings.warn(
/Users/anshumalimehta/Projects/epoch_ai/.venv/lib/python3.9/site-packages/sklearn/utils/validation.py:2739: UserWarning: X does not have valid feature names, but LGBMClassifier was fitted with feature names
  warnings.warn(
/Users/anshumalimehta/Projects/epoch_ai/.venv/lib/python3.9/site-packages/sklearn/utils/deprecation.py:151: FutureWarning: 'force_all_finite' was renamed to 'ensure_all_finite' in 1.6 and will be removed in 1.8.
  warnings.warn(
/Users/anshumalimehta/Projects/epoch_ai/.venv/lib/python3.9/site-packages/sklearn/base.py:484: FutureWarning: `BaseEstimator._check_n_features` is deprecated in 1.6 and will be removed in 1.7. Use `sklearn.utils.validation._check_n_features` instead.
  warnings.warn(
/Users/anshumalimehta/Projects/epoch_ai/.venv/lib/python3.9/site-packages/sklearn/base.py:493: FutureWarning: `BaseEstimator._check_feature_names` is deprecated in 1.6 and will be removed in 1.7. Use `sklearn.utils.validation._check_feature_names` instead.
  warnings.warn(
/Users/anshumalimehta/Projects/epoch_ai/.venv/lib/python3.9/site-packages/sklearn/utils/validation.py:2739: UserWarning: X does not have valid feature names, but LGBMClassifier was fitted with feature names
  warnings.warn(
/Users/anshumalimehta/Projects/epoch_ai/.venv/lib/python3.9/site-packages/sklearn/utils/validation.py:2739: UserWarning: X does not have valid feature names, but LGBMClassifier was fitted with feature names
  warnings.warn(
/Users/anshumalimehta/Projects/epoch_ai/.venv/lib/python3.9/site-packages/sklearn/utils/deprecation.py:151: FutureWarning: 'force_all_finite' was renamed to 'ensure_all_finite' in 1.6 and will be removed in 1.8.
  warnings.warn(
/Users/anshumalimehta/Projects/epoch_ai/.venv/lib/python3.9/site-packages/sklearn/base.py:484: FutureWarning: `BaseEstimator._check_n_features` is deprecated in 1.6 and will be removed in 1.7. Use `sklearn.utils.validation._check_n_features` instead.
  warnings.warn(
/Users/anshumalimehta/Projects/epoch_ai/.venv/lib/python3.9/site-packages/sklearn/base.py:493: FutureWarning: `BaseEstimator._check_feature_names` is deprecated in 1.6 and will be removed in 1.7. Use `sklearn.utils.validation._check_feature_names` instead.
  warnings.warn(
/Users/anshumalimehta/Projects/epoch_ai/.venv/lib/python3.9/site-packages/sklearn/utils/validation.py:2739: UserWarning: X does not have valid feature names, but LGBMClassifier was fitted with feature names
  warnings.warn(
/Users/anshumalimehta/Projects/epoch_ai/.venv/lib/python3.9/site-packages/sklearn/utils/validation.py:2739: UserWarning: X does not have valid feature names, but LGBMClassifier was fitted with feature names
  warnings.warn(
/Users/anshumalimehta/Projects/epoch_ai/.venv/lib/python3.9/site-packages/sklearn/utils/deprecation.py:151: FutureWarning: 'force_all_finite' was renamed to 'ensure_all_finite' in 1.6 and will be removed in 1.8.
  warnings.warn(
/Users/anshumalimehta/Projects/epoch_ai/.venv/lib/python3.9/site-packages/sklearn/base.py:484: FutureWarning: `BaseEstimator._check_n_features` is deprecated in 1.6 and will be removed in 1.7. Use `sklearn.utils.validation._check_n_features` instead.
  warnings.warn(
/Users/anshumalimehta/Projects/epoch_ai/.venv/lib/python3.9/site-packages/sklearn/base.py:493: FutureWarning: `BaseEstimator._check_feature_names` is deprecated in 1.6 and will be removed in 1.7. Use `sklearn.utils.validation._check_feature_names` instead.
  warnings.warn(
/Users/anshumalimehta/Projects/epoch_ai/.venv/lib/python3.9/site-packages/sklearn/utils/validation.py:2739: UserWarning: X does not have valid feature names, but LGBMClassifier was fitted with feature names
  warnings.warn(
/Users/anshumalimehta/Projects/epoch_ai/.venv/lib/python3.9/site-packages/sklearn/utils/validation.py:2739: UserWarning: X does not have valid feature names, but LGBMClassifier was fitted with feature names
  warnings.warn(
/Users/anshumalimehta/Projects/epoch_ai/.venv/lib/python3.9/site-packages/sklearn/utils/deprecation.py:151: FutureWarning: 'force_all_finite' was renamed to 'ensure_all_finite' in 1.6 and will be removed in 1.8.
  warnings.warn(
/Users/anshumalimehta/Projects/epoch_ai/.venv/lib/python3.9/site-packages/sklearn/base.py:484: FutureWarning: `BaseEstimator._check_n_features` is deprecated in 1.6 and will be removed in 1.7. Use `sklearn.utils.validation._check_n_features` instead.
  warnings.warn(
/Users/anshumalimehta/Projects/epoch_ai/.venv/lib/python3.9/site-packages/sklearn/base.py:493: FutureWarning: `BaseEstimator._check_feature_names` is deprecated in 1.6 and will be removed in 1.7. Use `sklearn.utils.validation._check_feature_names` instead.
  warnings.warn(
/Users/anshumalimehta/Projects/epoch_ai/.venv/lib/python3.9/site-packages/sklearn/utils/validation.py:2739: UserWarning: X does not have valid feature names, but LGBMClassifier was fitted with feature names
  warnings.warn(
/Users/anshumalimehta/Projects/epoch_ai/.venv/lib/python3.9/site-packages/sklearn/utils/validation.py:2739: UserWarning: X does not have valid feature names, but LGBMClassifier was fitted with feature names
  warnings.warn(
/Users/anshumalimehta/Projects/epoch_ai/.venv/lib/python3.9/site-packages/sklearn/utils/deprecation.py:151: FutureWarning: 'force_all_finite' was renamed to 'ensure_all_finite' in 1.6 and will be removed in 1.8.
  warnings.warn(
/Users/anshumalimehta/Projects/epoch_ai/.venv/lib/python3.9/site-packages/sklearn/base.py:484: FutureWarning: `BaseEstimator._check_n_features` is deprecated in 1.6 and will be removed in 1.7. Use `sklearn.utils.validation._check_n_features` instead.
  warnings.warn(
/Users/anshumalimehta/Projects/epoch_ai/.venv/lib/python3.9/site-packages/sklearn/base.py:493: FutureWarning: `BaseEstimator._check_feature_names` is deprecated in 1.6 and will be removed in 1.7. Use `sklearn.utils.validation._check_feature_names` instead.
  warnings.warn(
/Users/anshumalimehta/Projects/epoch_ai/.venv/lib/python3.9/site-packages/sklearn/utils/validation.py:2739: UserWarning: X does not have valid feature names, but LGBMClassifier was fitted with feature names
  warnings.warn(
/Users/anshumalimehta/Projects/epoch_ai/.venv/lib/python3.9/site-packages/sklearn/utils/validation.py:2739: UserWarning: X does not have valid feature names, but LGBMClassifier was fitted with feature names
  warnings.warn(
/Users/anshumalimehta/Projects/epoch_ai/.venv/lib/python3.9/site-packages/sklearn/utils/deprecation.py:151: FutureWarning: 'force_all_finite' was renamed to 'ensure_all_finite' in 1.6 and will be removed in 1.8.
  warnings.warn(
/Users/anshumalimehta/Projects/epoch_ai/.venv/lib/python3.9/site-packages/sklearn/base.py:484: FutureWarning: `BaseEstimator._check_n_features` is deprecated in 1.6 and will be removed in 1.7. Use `sklearn.utils.validation._check_n_features` instead.
  warnings.warn(
/Users/anshumalimehta/Projects/epoch_ai/.venv/lib/python3.9/site-packages/sklearn/base.py:493: FutureWarning: `BaseEstimator._check_feature_names` is deprecated in 1.6 and will be removed in 1.7. Use `sklearn.utils.validation._check_feature_names` instead.
  warnings.warn(
/Users/anshumalimehta/Projects/epoch_ai/.venv/lib/python3.9/site-packages/sklearn/utils/validation.py:2739: UserWarning: X does not have valid feature names, but LGBMClassifier was fitted with feature names
  warnings.warn(
/Users/anshumalimehta/Projects/epoch_ai/.venv/lib/python3.9/site-packages/sklearn/utils/validation.py:2739: UserWarning: X does not have valid feature names, but LGBMClassifier was fitted with feature names
  warnings.warn(
/Users/anshumalimehta/Projects/epoch_ai/.venv/lib/python3.9/site-packages/sklearn/utils/deprecation.py:151: FutureWarning: 'force_all_finite' was renamed to 'ensure_all_finite' in 1.6 and will be removed in 1.8.
  warnings.warn(
/Users/anshumalimehta/Projects/epoch_ai/.venv/lib/python3.9/site-packages/sklearn/base.py:484: FutureWarning: `BaseEstimator._check_n_features` is deprecated in 1.6 and will be removed in 1.7. Use `sklearn.utils.validation._check_n_features` instead.
  warnings.warn(
/Users/anshumalimehta/Projects/epoch_ai/.venv/lib/python3.9/site-packages/sklearn/base.py:493: FutureWarning: `BaseEstimator._check_feature_names` is deprecated in 1.6 and will be removed in 1.7. Use `sklearn.utils.validation._check_feature_names` instead.
  warnings.warn(
/Users/anshumalimehta/Projects/epoch_ai/.venv/lib/python3.9/site-packages/sklearn/utils/validation.py:2739: UserWarning: X does not have valid feature names, but LGBMClassifier was fitted with feature names
  warnings.warn(
/Users/anshumalimehta/Projects/epoch_ai/.venv/lib/python3.9/site-packages/sklearn/utils/validation.py:2739: UserWarning: X does not have valid feature names, but LGBMClassifier was fitted with feature names
  warnings.warn(
/Users/anshumalimehta/Projects/epoch_ai/.venv/lib/python3.9/site-packages/sklearn/utils/deprecation.py:151: FutureWarning: 'force_all_finite' was renamed to 'ensure_all_finite' in 1.6 and will be removed in 1.8.
  warnings.warn(
/Users/anshumalimehta/Projects/epoch_ai/.venv/lib/python3.9/site-packages/sklearn/base.py:484: FutureWarning: `BaseEstimator._check_n_features` is deprecated in 1.6 and will be removed in 1.7. Use `sklearn.utils.validation._check_n_features` instead.
  warnings.warn(
/Users/anshumalimehta/Projects/epoch_ai/.venv/lib/python3.9/site-packages/sklearn/base.py:493: FutureWarning: `BaseEstimator._check_feature_names` is deprecated in 1.6 and will be removed in 1.7. Use `sklearn.utils.validation._check_feature_names` instead.
  warnings.warn(
/Users/anshumalimehta/Projects/epoch_ai/.venv/lib/python3.9/site-packages/sklearn/utils/validation.py:2739: UserWarning: X does not have valid feature names, but LGBMClassifier was fitted with feature names
  warnings.warn(
/Users/anshumalimehta/Projects/epoch_ai/.venv/lib/python3.9/site-packages/sklearn/utils/validation.py:2739: UserWarning: X does not have valid feature names, but LGBMClassifier was fitted with feature names
  warnings.warn(
/Users/anshumalimehta/Projects/epoch_ai/.venv/lib/python3.9/site-packages/sklearn/utils/deprecation.py:151: FutureWarning: 'force_all_finite' was renamed to 'ensure_all_finite' in 1.6 and will be removed in 1.8.
  warnings.warn(
/Users/anshumalimehta/Projects/epoch_ai/.venv/lib/python3.9/site-packages/sklearn/base.py:484: FutureWarning: `BaseEstimator._check_n_features` is deprecated in 1.6 and will be removed in 1.7. Use `sklearn.utils.validation._check_n_features` instead.
  warnings.warn(
/Users/anshumalimehta/Projects/epoch_ai/.venv/lib/python3.9/site-packages/sklearn/base.py:493: FutureWarning: `BaseEstimator._check_feature_names` is deprecated in 1.6 and will be removed in 1.7. Use `sklearn.utils.validation._check_feature_names` instead.
  warnings.warn(
/Users/anshumalimehta/Projects/epoch_ai/.venv/lib/python3.9/site-packages/sklearn/utils/validation.py:2739: UserWarning: X does not have valid feature names, but LGBMClassifier was fitted with feature names
  warnings.warn(
/Users/anshumalimehta/Projects/epoch_ai/.venv/lib/python3.9/site-packages/sklearn/utils/validation.py:2739: UserWarning: X does not have valid feature names, but LGBMClassifier was fitted with feature names
  warnings.warn(
/Users/anshumalimehta/Projects/epoch_ai/.venv/lib/python3.9/site-packages/sklearn/utils/validation.py:2739: UserWarning: X does not have valid feature names, but LGBMClassifier was fitted with feature names
  warnings.warn(
/Users/anshumalimehta/Projects/epoch_ai/.venv/lib/python3.9/site-packages/sklearn/utils/validation.py:2739: UserWarning: X does not have valid feature names, but LGBMClassifier was fitted with feature names
  warnings.warn(
/Users/anshumalimehta/Projects/epoch_ai/.venv/lib/python3.9/site-packages/sklearn/utils/validation.py:2739: UserWarning: X does not have valid feature names, but LGBMClassifier was fitted with feature names
  warnings.warn(
/Users/anshumalimehta/Projects/epoch_ai/.venv/lib/python3.9/site-packages/sklearn/utils/validation.py:2739: UserWarning: X does not have valid feature names, but LGBMClassifier was fitted with feature names
  warnings.warn(
/Users/anshumalimehta/Projects/epoch_ai/.venv/lib/python3.9/site-packages/sklearn/utils/validation.py:2739: UserWarning: X does not have valid feature names, but LGBMClassifier was fitted with feature names
  warnings.warn(
/Users/anshumalimehta/Projects/epoch_ai/.venv/lib/python3.9/site-packages/sklearn/utils/validation.py:2739: UserWarning: X does not have valid feature names, but LGBMClassifier was fitted with feature names
  warnings.warn(
/Users/anshumalimehta/Projects/epoch_ai/.venv/lib/python3.9/site-packages/sklearn/utils/validation.py:2739: UserWarning: X does not have valid feature names, but LGBMClassifier was fitted with feature names
  warnings.warn(
/Users/anshumalimehta/Projects/epoch_ai/.venv/lib/python3.9/site-packages/sklearn/utils/validation.py:2739: UserWarning: X does not have valid feature names, but LGBMClassifier was fitted with feature names
  warnings.warn(
/Users/anshumalimehta/Projects/epoch_ai/.venv/lib/python3.9/site-packages/sklearn/utils/validation.py:2739: UserWarning: X does not have valid feature names, but LGBMClassifier was fitted with feature names
  warnings.warn(
/Users/anshumalimehta/Projects/epoch_ai/.venv/lib/python3.9/site-packages/sklearn/utils/validation.py:2739: UserWarning: X does not have valid feature names, but LGBMClassifier was fitted with feature names
  warnings.warn(
/Users/anshumalimehta/Projects/epoch_ai/.venv/lib/python3.9/site-packages/sklearn/utils/validation.py:2739: UserWarning: X does not have valid feature names, but LGBMClassifier was fitted with feature names
  warnings.warn(
/Users/anshumalimehta/Projects/epoch_ai/.venv/lib/python3.9/site-packages/sklearn/utils/validation.py:2739: UserWarning: X does not have valid feature names, but LGBMClassifier was fitted with feature names
  warnings.warn(
/Users/anshumalimehta/Projects/epoch_ai/.venv/lib/python3.9/site-packages/sklearn/utils/validation.py:2739: UserWarning: X does not have valid feature names, but LGBMClassifier was fitted with feature names
  warnings.warn(
/Users/anshumalimehta/Projects/epoch_ai/.venv/lib/python3.9/site-packages/sklearn/utils/validation.py:2739: UserWarning: X does not have valid feature names, but LGBMClassifier was fitted with feature names
  warnings.warn(
/Users/anshumalimehta/Projects/epoch_ai/.venv/lib/python3.9/site-packages/sklearn/utils/validation.py:2739: UserWarning: X does not have valid feature names, but LGBMClassifier was fitted with feature names
  warnings.warn(
/Users/anshumalimehta/Projects/epoch_ai/.venv/lib/python3.9/site-packages/sklearn/utils/validation.py:2739: UserWarning: X does not have valid feature names, but LGBMClassifier was fitted with feature names
  warnings.warn(
/Users/anshumalimehta/Projects/epoch_ai/.venv/lib/python3.9/site-packages/sklearn/utils/validation.py:2739: UserWarning: X does not have valid feature names, but LGBMClassifier was fitted with feature names
  warnings.warn(
/Users/anshumalimehta/Projects/epoch_ai/.venv/lib/python3.9/site-packages/sklearn/utils/validation.py:2739: UserWarning: X does not have valid feature names, but LGBMClassifier was fitted with feature names
  warnings.warn(
/Users/anshumalimehta/Projects/epoch_ai/.venv/lib/python3.9/site-packages/sklearn/utils/validation.py:2739: UserWarning: X does not have valid feature names, but LGBMClassifier was fitted with feature names
  warnings.warn(
/Users/anshumalimehta/Projects/epoch_ai/.venv/lib/python3.9/site-packages/sklearn/utils/validation.py:2739: UserWarning: X does not have valid feature names, but LGBMClassifier was fitted with feature names
  warnings.warn(
/Users/anshumalimehta/Projects/epoch_ai/.venv/lib/python3.9/site-packages/sklearn/utils/validation.py:2739: UserWarning: X does not have valid feature names, but LGBMClassifier was fitted with feature names
  warnings.warn(
/Users/anshumalimehta/Projects/epoch_ai/.venv/lib/python3.9/site-packages/sklearn/utils/validation.py:2739: UserWarning: X does not have valid feature names, but LGBMClassifier was fitted with feature names
  warnings.warn(
/Users/anshumalimehta/Projects/epoch_ai/.venv/lib/python3.9/site-packages/sklearn/utils/validation.py:2739: UserWarning: X does not have valid feature names, but LGBMClassifier was fitted with feature names
  warnings.warn(
/Users/anshumalimehta/Projects/epoch_ai/.venv/lib/python3.9/site-packages/sklearn/utils/validation.py:2739: UserWarning: X does not have valid feature names, but LGBMClassifier was fitted with feature names
  warnings.warn(
/Users/anshumalimehta/Projects/epoch_ai/.venv/lib/python3.9/site-packages/sklearn/utils/validation.py:2739: UserWarning: X does not have valid feature names, but LGBMClassifier was fitted with feature names
  warnings.warn(
/Users/anshumalimehta/Projects/epoch_ai/.venv/lib/python3.9/site-packages/sklearn/utils/validation.py:2739: UserWarning: X does not have valid feature names, but LGBMClassifier was fitted with feature names
  warnings.warn(
/Users/anshumalimehta/Projects/epoch_ai/.venv/lib/python3.9/site-packages/sklearn/utils/validation.py:2739: UserWarning: X does not have valid feature names, but LGBMClassifier was fitted with feature names
  warnings.warn(
/Users/anshumalimehta/Projects/epoch_ai/.venv/lib/python3.9/site-packages/sklearn/utils/validation.py:2739: UserWarning: X does not have valid feature names, but LGBMClassifier was fitted with feature names
  warnings.warn(
/Users/anshumalimehta/Projects/epoch_ai/.venv/lib/python3.9/site-packages/sklearn/utils/validation.py:2739: UserWarning: X does not have valid feature names, but LGBMClassifier was fitted with feature names
  warnings.warn(
/Users/anshumalimehta/Projects/epoch_ai/.venv/lib/python3.9/site-packages/sklearn/utils/validation.py:2739: UserWarning: X does not have valid feature names, but LGBMClassifier was fitted with feature names
  warnings.warn(
/Users/anshumalimehta/Projects/epoch_ai/.venv/lib/python3.9/site-packages/sklearn/utils/validation.py:2739: UserWarning: X does not have valid feature names, but LGBMClassifier was fitted with feature names
  warnings.warn(
/Users/anshumalimehta/Projects/epoch_ai/.venv/lib/python3.9/site-packages/sklearn/utils/validation.py:2739: UserWarning: X does not have valid feature names, but LGBMClassifier was fitted with feature names
  warnings.warn(
/Users/anshumalimehta/Projects/epoch_ai/.venv/lib/python3.9/site-packages/sklearn/utils/validation.py:2739: UserWarning: X does not have valid feature names, but LGBMClassifier was fitted with feature names
  warnings.warn(
/Users/anshumalimehta/Projects/epoch_ai/.venv/lib/python3.9/site-packages/sklearn/utils/validation.py:2739: UserWarning: X does not have valid feature names, but LGBMClassifier was fitted with feature names
  warnings.warn(
/Users/anshumalimehta/Projects/epoch_ai/.venv/lib/python3.9/site-packages/sklearn/utils/validation.py:2739: UserWarning: X does not have valid feature names, but LGBMClassifier was fitted with feature names
  warnings.warn(
/Users/anshumalimehta/Projects/epoch_ai/.venv/lib/python3.9/site-packages/sklearn/utils/validation.py:2739: UserWarning: X does not have valid feature names, but LGBMClassifier was fitted with feature names
  warnings.warn(
/Users/anshumalimehta/Projects/epoch_ai/.venv/lib/python3.9/site-packages/sklearn/utils/validation.py:2739: UserWarning: X does not have valid feature names, but LGBMClassifier was fitted with feature names
  warnings.warn(
/Users/anshumalimehta/Projects/epoch_ai/.venv/lib/python3.9/site-packages/sklearn/utils/validation.py:2739: UserWarning: X does not have valid feature names, but LGBMClassifier was fitted with feature names
  warnings.warn(
/Users/anshumalimehta/Projects/epoch_ai/.venv/lib/python3.9/site-packages/sklearn/utils/validation.py:2739: UserWarning: X does not have valid feature names, but LGBMClassifier was fitted with feature names
  warnings.warn(
/Users/anshumalimehta/Projects/epoch_ai/.venv/lib/python3.9/site-packages/sklearn/utils/validation.py:2739: UserWarning: X does not have valid feature names, but LGBMClassifier was fitted with feature names
  warnings.warn(
Loading openmeteo_tide dataset...
  train file: dataset/train_with_openmeteo_tide.csv
  test file:  dataset/test_with_openmeteo_tide.csv
Train: (2601, 42), Test: (1872, 35)
Assumption: tide features were pre-merged using nearest merge_asof with ~10-15 min tolerance.
Assumption: tide columns (tide_water_level_cm_nap, tide_delta_10min, rising_tide_flag) are present.
Extracting trajectory features for train_df...
Extracting trajectory features for test_df...
Tide ablation mode: tide_level_rising
Selected weather features: 18
Metadata interaction pack [pack_v1] skipped tide_delta_hour_sin: dependencies not active in current feature setup ['tide_delta_10min']
Metadata interaction pack [pack_v1] skipped tide_delta_hour_cos: dependencies not active in current feature setup ['tide_delta_10min']
Metadata interaction pack [pack_v1] skipped headwind_tide_delta: dependencies not active in current feature setup ['tide_delta_10min']
Metadata interaction pack [pack_v1] skipped gustiness_tide_delta: dependencies not active in current feature setup ['tide_delta_10min']
Metadata interaction pack [pack_v1] skipped precip_tide_motion: dependencies not active in current feature setup ['tide_delta_10min']
Metadata interaction pack [pack_v1] active features (3): ['tide_hour_sin', 'tide_hour_cos', 'rising_night_interaction']
Feature matrix: X=(2601, 62), X_test=(1872, 62), classes=9
Oversampler: SMOTENC (default)
Training 10-fold StratifiedGroupKFold...
  Fold 1/10 — train: 2356, val: 245, val mAP: 0.7102
  Fold 2/10 — train: 2313, val: 288, val mAP: 0.6927
  Fold 3/10 — train: 2333, val: 268, val mAP: 0.6604
  Fold 4/10 — train: 2348, val: 253, val mAP: 0.5454
  Fold 5/10 — train: 2325, val: 276, val mAP: 0.7249
  Fold 6/10 — train: 2353, val: 248, val mAP: 0.7453
  Fold 7/10 — train: 2351, val: 250, val mAP: 0.5776
  Fold 8/10 — train: 2316, val: 285, val mAP: 0.5678
  Fold 9/10 — train: 2353, val: 248, val mAP: 0.5679
  Fold 10/10 — train: 2361, val: 240, val mAP: 0.6819

==================================================
CATBOOST ENSEMBLE
==================================================
Training 10-fold CatBoost...
  Fold 1/10 — val mAP: 0.6980
  Fold 2/10 — val mAP: 0.6477
  Fold 3/10 — val mAP: 0.6532
  Fold 4/10 — val mAP: 0.5802
  Fold 5/10 — val mAP: 0.7749
  Fold 6/10 — val mAP: 0.6721
  Fold 7/10 — val mAP: 0.5547
  Fold 8/10 — val mAP: 0.5585
  Fold 9/10 — val mAP: 0.5383
  Fold 10/10 — val mAP: 0.6768
  CatBoost standalone mAP: 0.6133
  Ensembled LightGBM + CatBoost (simple average)

==================================================
TWO-STAGE GULL DETECTOR
==================================================
Training 10-fold two-stage...
  Fold 1/10 — val mAP: 0.7012
  Fold 2/10 — val mAP: 0.6456
  Fold 3/10 — val mAP: 0.6431
  Fold 4/10 — val mAP: 0.5902
  Fold 5/10 — val mAP: 0.7551
  Fold 6/10 — val mAP: 0.7073
  Fold 7/10 — val mAP: 0.5784
  Fold 8/10 — val mAP: 0.5856
  Fold 9/10 — val mAP: 0.5631
  Fold 10/10 — val mAP: 0.6663

  Two-stage standalone mAP: 0.6104
  Per-class AP (two-stage):
    Clutter             : 0.8642
    Cormorants          : 0.2437
    Pigeons             : 0.8294
    Ducks               : 0.6280
    Geese               : 0.3998
    Gulls               : 0.9426
    Birds of Prey       : 0.5604
    Waders              : 0.3058
    Songbirds           : 0.7202

  Ensembled with base model (simple average)

==================================================
 OOF Macro-Averaged AP (mAP): 0.6294
==================================================

 Per-Class Average Precision:
   Clutter             : 0.8644
   Cormorants          : 0.2650
   Pigeons             : 0.8399
   Ducks               : 0.6606
   Geese               : 0.4069
   Gulls               : 0.9423
   Birds of Prey       : 0.5982
   Waders              : 0.3380
   Songbirds           : 0.7497

Saved run_logs/metadata_matrix/B_tide_level_rising_pack_on_submission.csv (1872 rows)
[2026-03-23 03:07:02] END B_tide_level_rising_pack_on
