[2026-03-23 03:07:02] START C_tide_all_pack_off tide=tide_all pack=False
/Users/anshumalimehta/Projects/epoch_ai/.venv/lib/python3.9/site-packages/sklearn/utils/deprecation.py:151: FutureWarning: 'force_all_finite' was renamed to 'ensure_all_finite' in 1.6 and will be removed in 1.8.
  warnings.warn(
/Users/anshumalimehta/Projects/epoch_ai/.venv/lib/python3.9/site-packages/sklearn/base.py:484: FutureWarning: `BaseEstimator._check_n_features` is deprecated in 1.6 and will be removed in 1.7. Use `sklearn.utils.validation._check_n_features` instead.
  warnings.warn(
/Users/anshumalimehta/Projects/epoch_ai/.venv/lib/python3.9/site-packages/sklearn/base.py:493: FutureWarning: `BaseEstimator._check_feature_names` is deprecated in 1.6 and will be removed in 1.7. Use `sklearn.utils.validation._check_feature_names` instead.
  warnings.warn(
/Users/anshumalimehta/Projects/epoch_ai/.venv/lib/python3.9/site-packages/sklearn/utils/validation.py:2739: UserWarning: X does not have valid feature names, but LGBMClassifier was fitted with feature names
  warnings.warn(
/Users/anshumalimehta/Projects/epoch_ai/.venv/lib/python3.9/site-packages/sklearn/utils/validation.py:2739: UserWarning: X does not have valid feature names, but LGBMClassifier was fitted with feature names
  warnings.warn(
/Users/anshumalimehta/Projects/epoch_ai/.venv/lib/python3.9/site-packages/sklearn/utils/deprecation.py:151: FutureWarning: 'force_all_finite' was renamed to 'ensure_all_finite' in 1.6 and will be removed in 1.8.
  warnings.warn(
/Users/anshumalimehta/Projects/epoch_ai/.venv/lib/python3.9/site-packages/sklearn/base.py:484: FutureWarning: `BaseEstimator._check_n_features` is deprecated in 1.6 and will be removed in 1.7. Use `sklearn.utils.validation._check_n_features` instead.
  warnings.warn(
/Users/anshumalimehta/Projects/epoch_ai/.venv/lib/python3.9/site-packages/sklearn/base.py:493: FutureWarning: `BaseEstimator._check_feature_names` is deprecated in 1.6 and will be removed in 1.7. Use `sklearn.utils.validation._check_feature_names` instead.
  warnings.warn(
/Users/anshumalimehta/Projects/epoch_ai/.venv/lib/python3.9/site-packages/sklearn/utils/validation.py:2739: UserWarning: X does not have valid feature names, but LGBMClassifier was fitted with feature names
  warnings.warn(
/Users/anshumalimehta/Projects/epoch_ai/.venv/lib/python3.9/site-packages/sklearn/utils/validation.py:2739: UserWarning: X does not have valid feature names, but LGBMClassifier was fitted with feature names
  warnings.warn(
/Users/anshumalimehta/Projects/epoch_ai/.venv/lib/python3.9/site-packages/sklearn/utils/deprecation.py:151: FutureWarning: 'force_all_finite' was renamed to 'ensure_all_finite' in 1.6 and will be removed in 1.8.
  warnings.warn(
/Users/anshumalimehta/Projects/epoch_ai/.venv/lib/python3.9/site-packages/sklearn/base.py:484: FutureWarning: `BaseEstimator._check_n_features` is deprecated in 1.6 and will be removed in 1.7. Use `sklearn.utils.validation._check_n_features` instead.
  warnings.warn(
/Users/anshumalimehta/Projects/epoch_ai/.venv/lib/python3.9/site-packages/sklearn/base.py:493: FutureWarning: `BaseEstimator._check_feature_names` is deprecated in 1.6 and will be removed in 1.7. Use `sklearn.utils.validation._check_feature_names` instead.
  warnings.warn(
/Users/anshumalimehta/Projects/epoch_ai/.venv/lib/python3.9/site-packages/sklearn/utils/validation.py:2739: UserWarning: X does not have valid feature names, but LGBMClassifier was fitted with feature names
  warnings.warn(
/Users/anshumalimehta/Projects/epoch_ai/.venv/lib/python3.9/site-packages/sklearn/utils/validation.py:2739: UserWarning: X does not have valid feature names, but LGBMClassifier was fitted with feature names
  warnings.warn(
/Users/anshumalimehta/Projects/epoch_ai/.venv/lib/python3.9/site-packages/sklearn/utils/deprecation.py:151: FutureWarning: 'force_all_finite' was renamed to 'ensure_all_finite' in 1.6 and will be removed in 1.8.
  warnings.warn(
/Users/anshumalimehta/Projects/epoch_ai/.venv/lib/python3.9/site-packages/sklearn/base.py:484: FutureWarning: `BaseEstimator._check_n_features` is deprecated in 1.6 and will be removed in 1.7. Use `sklearn.utils.validation._check_n_features` instead.
  warnings.warn(
/Users/anshumalimehta/Projects/epoch_ai/.venv/lib/python3.9/site-packages/sklearn/base.py:493: FutureWarning: `BaseEstimator._check_feature_names` is deprecated in 1.6 and will be removed in 1.7. Use `sklearn.utils.validation._check_feature_names` instead.
  warnings.warn(
/Users/anshumalimehta/Projects/epoch_ai/.venv/lib/python3.9/site-packages/sklearn/utils/validation.py:2739: UserWarning: X does not have valid feature names, but LGBMClassifier was fitted with feature names
  warnings.warn(
/Users/anshumalimehta/Projects/epoch_ai/.venv/lib/python3.9/site-packages/sklearn/utils/validation.py:2739: UserWarning: X does not have valid feature names, but LGBMClassifier was fitted with feature names
  warnings.warn(
/Users/anshumalimehta/Projects/epoch_ai/.venv/lib/python3.9/site-packages/sklearn/utils/deprecation.py:151: FutureWarning: 'force_all_finite' was renamed to 'ensure_all_finite' in 1.6 and will be removed in 1.8.
  warnings.warn(
/Users/anshumalimehta/Projects/epoch_ai/.venv/lib/python3.9/site-packages/sklearn/base.py:484: FutureWarning: `BaseEstimator._check_n_features` is deprecated in 1.6 and will be removed in 1.7. Use `sklearn.utils.validation._check_n_features` instead.
  warnings.warn(
/Users/anshumalimehta/Projects/epoch_ai/.venv/lib/python3.9/site-packages/sklearn/base.py:493: FutureWarning: `BaseEstimator._check_feature_names` is deprecated in 1.6 and will be removed in 1.7. Use `sklearn.utils.validation._check_feature_names` instead.
  warnings.warn(
/Users/anshumalimehta/Projects/epoch_ai/.venv/lib/python3.9/site-packages/sklearn/utils/validation.py:2739: UserWarning: X does not have valid feature names, but LGBMClassifier was fitted with feature names
  warnings.warn(
/Users/anshumalimehta/Projects/epoch_ai/.venv/lib/python3.9/site-packages/sklearn/utils/validation.py:2739: UserWarning: X does not have valid feature names, but LGBMClassifier was fitted with feature names
  warnings.warn(
/Users/anshumalimehta/Projects/epoch_ai/.venv/lib/python3.9/site-packages/sklearn/utils/deprecation.py:151: FutureWarning: 'force_all_finite' was renamed to 'ensure_all_finite' in 1.6 and will be removed in 1.8.
  warnings.warn(
/Users/anshumalimehta/Projects/epoch_ai/.venv/lib/python3.9/site-packages/sklearn/base.py:484: FutureWarning: `BaseEstimator._check_n_features` is deprecated in 1.6 and will be removed in 1.7. Use `sklearn.utils.validation._check_n_features` instead.
  warnings.warn(
/Users/anshumalimehta/Projects/epoch_ai/.venv/lib/python3.9/site-packages/sklearn/base.py:493: FutureWarning: `BaseEstimator._check_feature_names` is deprecated in 1.6 and will be removed in 1.7. Use `sklearn.utils.validation._check_feature_names` instead.
  warnings.warn(
/Users/anshumalimehta/Projects/epoch_ai/.venv/lib/python3.9/site-packages/sklearn/utils/validation.py:2739: UserWarning: X does not have valid feature names, but LGBMClassifier was fitted with feature names
  warnings.warn(
/Users/anshumalimehta/Projects/epoch_ai/.venv/lib/python3.9/site-packages/sklearn/utils/validation.py:2739: UserWarning: X does not have valid feature names, but LGBMClassifier was fitted with feature names
  warnings.warn(
/Users/anshumalimehta/Projects/epoch_ai/.venv/lib/python3.9/site-packages/sklearn/utils/deprecation.py:151: FutureWarning: 'force_all_finite' was renamed to 'ensure_all_finite' in 1.6 and will be removed in 1.8.
  warnings.warn(
/Users/anshumalimehta/Projects/epoch_ai/.venv/lib/python3.9/site-packages/sklearn/base.py:484: FutureWarning: `BaseEstimator._check_n_features` is deprecated in 1.6 and will be removed in 1.7. Use `sklearn.utils.validation._check_n_features` instead.
  warnings.warn(
/Users/anshumalimehta/Projects/epoch_ai/.venv/lib/python3.9/site-packages/sklearn/base.py:493: FutureWarning: `BaseEstimator._check_feature_names` is deprecated in 1.6 and will be removed in 1.7. Use `sklearn.utils.validation._check_feature_names` instead.
  warnings.warn(
/Users/anshumalimehta/Projects/epoch_ai/.venv/lib/python3.9/site-packages/sklearn/utils/validation.py:2739: UserWarning: X does not have valid feature names, but LGBMClassifier was fitted with feature names
  warnings.warn(
/Users/anshumalimehta/Projects/epoch_ai/.venv/lib/python3.9/site-packages/sklearn/utils/validation.py:2739: UserWarning: X does not have valid feature names, but LGBMClassifier was fitted with feature names
  warnings.warn(
/Users/anshumalimehta/Projects/epoch_ai/.venv/lib/python3.9/site-packages/sklearn/utils/deprecation.py:151: FutureWarning: 'force_all_finite' was renamed to 'ensure_all_finite' in 1.6 and will be removed in 1.8.
  warnings.warn(
/Users/anshumalimehta/Projects/epoch_ai/.venv/lib/python3.9/site-packages/sklearn/base.py:484: FutureWarning: `BaseEstimator._check_n_features` is deprecated in 1.6 and will be removed in 1.7. Use `sklearn.utils.validation._check_n_features` instead.
  warnings.warn(
/Users/anshumalimehta/Projects/epoch_ai/.venv/lib/python3.9/site-packages/sklearn/base.py:493: FutureWarning: `BaseEstimator._check_feature_names` is deprecated in 1.6 and will be removed in 1.7. Use `sklearn.utils.validation._check_feature_names` instead.
  warnings.warn(
/Users/anshumalimehta/Projects/epoch_ai/.venv/lib/python3.9/site-packages/sklearn/utils/validation.py:2739: UserWarning: X does not have valid feature names, but LGBMClassifier was fitted with feature names
  warnings.warn(
/Users/anshumalimehta/Projects/epoch_ai/.venv/lib/python3.9/site-packages/sklearn/utils/validation.py:2739: UserWarning: X does not have valid feature names, but LGBMClassifier was fitted with feature names
  warnings.warn(
/Users/anshumalimehta/Projects/epoch_ai/.venv/lib/python3.9/site-packages/sklearn/utils/deprecation.py:151: FutureWarning: 'force_all_finite' was renamed to 'ensure_all_finite' in 1.6 and will be removed in 1.8.
  warnings.warn(
/Users/anshumalimehta/Projects/epoch_ai/.venv/lib/python3.9/site-packages/sklearn/base.py:484: FutureWarning: `BaseEstimator._check_n_features` is deprecated in 1.6 and will be removed in 1.7. Use `sklearn.utils.validation._check_n_features` instead.
  warnings.warn(
/Users/anshumalimehta/Projects/epoch_ai/.venv/lib/python3.9/site-packages/sklearn/base.py:493: FutureWarning: `BaseEstimator._check_feature_names` is deprecated in 1.6 and will be removed in 1.7. Use `sklearn.utils.validation._check_feature_names` instead.
  warnings.warn(
/Users/anshumalimehta/Projects/epoch_ai/.venv/lib/python3.9/site-packages/sklearn/utils/validation.py:2739: UserWarning: X does not have valid feature names, but LGBMClassifier was fitted with feature names
  warnings.warn(
/Users/anshumalimehta/Projects/epoch_ai/.venv/lib/python3.9/site-packages/sklearn/utils/validation.py:2739: UserWarning: X does not have valid feature names, but LGBMClassifier was fitted with feature names
  warnings.warn(
/Users/anshumalimehta/Projects/epoch_ai/.venv/lib/python3.9/site-packages/sklearn/utils/deprecation.py:151: FutureWarning: 'force_all_finite' was renamed to 'ensure_all_finite' in 1.6 and will be removed in 1.8.
  warnings.warn(
/Users/anshumalimehta/Projects/epoch_ai/.venv/lib/python3.9/site-packages/sklearn/base.py:484: FutureWarning: `BaseEstimator._check_n_features` is deprecated in 1.6 and will be removed in 1.7. Use `sklearn.utils.validation._check_n_features` instead.
  warnings.warn(
/Users/anshumalimehta/Projects/epoch_ai/.venv/lib/python3.9/site-packages/sklearn/base.py:493: FutureWarning: `BaseEstimator._check_feature_names` is deprecated in 1.6 and will be removed in 1.7. Use `sklearn.utils.validation._check_feature_names` instead.
  warnings.warn(
/Users/anshumalimehta/Projects/epoch_ai/.venv/lib/python3.9/site-packages/sklearn/utils/validation.py:2739: UserWarning: X does not have valid feature names, but LGBMClassifier was fitted with feature names
  warnings.warn(
/Users/anshumalimehta/Projects/epoch_ai/.venv/lib/python3.9/site-packages/sklearn/utils/validation.py:2739: UserWarning: X does not have valid feature names, but LGBMClassifier was fitted with feature names
  warnings.warn(
/Users/anshumalimehta/Projects/epoch_ai/.venv/lib/python3.9/site-packages/sklearn/utils/validation.py:2739: UserWarning: X does not have valid feature names, but LGBMClassifier was fitted with feature names
  warnings.warn(
/Users/anshumalimehta/Projects/epoch_ai/.venv/lib/python3.9/site-packages/sklearn/utils/validation.py:2739: UserWarning: X does not have valid feature names, but LGBMClassifier was fitted with feature names
  warnings.warn(
/Users/anshumalimehta/Projects/epoch_ai/.venv/lib/python3.9/site-packages/sklearn/utils/validation.py:2739: UserWarning: X does not have valid feature names, but LGBMClassifier was fitted with feature names
  warnings.warn(
/Users/anshumalimehta/Projects/epoch_ai/.venv/lib/python3.9/site-packages/sklearn/utils/validation.py:2739: UserWarning: X does not have valid feature names, but LGBMClassifier was fitted with feature names
  warnings.warn(
/Users/anshumalimehta/Projects/epoch_ai/.venv/lib/python3.9/site-packages/sklearn/utils/validation.py:2739: UserWarning: X does not have valid feature names, but LGBMClassifier was fitted with feature names
  warnings.warn(
/Users/anshumalimehta/Projects/epoch_ai/.venv/lib/python3.9/site-packages/sklearn/utils/validation.py:2739: UserWarning: X does not have valid feature names, but LGBMClassifier was fitted with feature names
  warnings.warn(
/Users/anshumalimehta/Projects/epoch_ai/.venv/lib/python3.9/site-packages/sklearn/utils/validation.py:2739: UserWarning: X does not have valid feature names, but LGBMClassifier was fitted with feature names
  warnings.warn(
/Users/anshumalimehta/Projects/epoch_ai/.venv/lib/python3.9/site-packages/sklearn/utils/validation.py:2739: UserWarning: X does not have valid feature names, but LGBMClassifier was fitted with feature names
  warnings.warn(
/Users/anshumalimehta/Projects/epoch_ai/.venv/lib/python3.9/site-packages/sklearn/utils/validation.py:2739: UserWarning: X does not have valid feature names, but LGBMClassifier was fitted with feature names
  warnings.warn(
/Users/anshumalimehta/Projects/epoch_ai/.venv/lib/python3.9/site-packages/sklearn/utils/validation.py:2739: UserWarning: X does not have valid feature names, but LGBMClassifier was fitted with feature names
  warnings.warn(
/Users/anshumalimehta/Projects/epoch_ai/.venv/lib/python3.9/site-packages/sklearn/utils/validation.py:2739: UserWarning: X does not have valid feature names, but LGBMClassifier was fitted with feature names
  warnings.warn(
/Users/anshumalimehta/Projects/epoch_ai/.venv/lib/python3.9/site-packages/sklearn/utils/validation.py:2739: UserWarning: X does not have valid feature names, but LGBMClassifier was fitted with feature names
  warnings.warn(
/Users/anshumalimehta/Projects/epoch_ai/.venv/lib/python3.9/site-packages/sklearn/utils/validation.py:2739: UserWarning: X does not have valid feature names, but LGBMClassifier was fitted with feature names
  warnings.warn(
/Users/anshumalimehta/Projects/epoch_ai/.venv/lib/python3.9/site-packages/sklearn/utils/validation.py:2739: UserWarning: X does not have valid feature names, but LGBMClassifier was fitted with feature names
  warnings.warn(
/Users/anshumalimehta/Projects/epoch_ai/.venv/lib/python3.9/site-packages/sklearn/utils/validation.py:2739: UserWarning: X does not have valid feature names, but LGBMClassifier was fitted with feature names
  warnings.warn(
/Users/anshumalimehta/Projects/epoch_ai/.venv/lib/python3.9/site-packages/sklearn/utils/validation.py:2739: UserWarning: X does not have valid feature names, but LGBMClassifier was fitted with feature names
  warnings.warn(
/Users/anshumalimehta/Projects/epoch_ai/.venv/lib/python3.9/site-packages/sklearn/utils/validation.py:2739: UserWarning: X does not have valid feature names, but LGBMClassifier was fitted with feature names
  warnings.warn(
/Users/anshumalimehta/Projects/epoch_ai/.venv/lib/python3.9/site-packages/sklearn/utils/validation.py:2739: UserWarning: X does not have valid feature names, but LGBMClassifier was fitted with feature names
  warnings.warn(
/Users/anshumalimehta/Projects/epoch_ai/.venv/lib/python3.9/site-packages/sklearn/utils/validation.py:2739: UserWarning: X does not have valid feature names, but LGBMClassifier was fitted with feature names
  warnings.warn(
/Users/anshumalimehta/Projects/epoch_ai/.venv/lib/python3.9/site-packages/sklearn/utils/validation.py:2739: UserWarning: X does not have valid feature names, but LGBMClassifier was fitted with feature names
  warnings.warn(
/Users/anshumalimehta/Projects/epoch_ai/.venv/lib/python3.9/site-packages/sklearn/utils/validation.py:2739: UserWarning: X does not have valid feature names, but LGBMClassifier was fitted with feature names
  warnings.warn(
/Users/anshumalimehta/Projects/epoch_ai/.venv/lib/python3.9/site-packages/sklearn/utils/validation.py:2739: UserWarning: X does not have valid feature names, but LGBMClassifier was fitted with feature names
  warnings.warn(
/Users/anshumalimehta/Projects/epoch_ai/.venv/lib/python3.9/site-packages/sklearn/utils/validation.py:2739: UserWarning: X does not have valid feature names, but LGBMClassifier was fitted with feature names
  warnings.warn(
/Users/anshumalimehta/Projects/epoch_ai/.venv/lib/python3.9/site-packages/sklearn/utils/validation.py:2739: UserWarning: X does not have valid feature names, but LGBMClassifier was fitted with feature names
  warnings.warn(
/Users/anshumalimehta/Projects/epoch_ai/.venv/lib/python3.9/site-packages/sklearn/utils/validation.py:2739: UserWarning: X does not have valid feature names, but LGBMClassifier was fitted with feature names
  warnings.warn(
/Users/anshumalimehta/Projects/epoch_ai/.venv/lib/python3.9/site-packages/sklearn/utils/validation.py:2739: UserWarning: X does not have valid feature names, but LGBMClassifier was fitted with feature names
  warnings.warn(
/Users/anshumalimehta/Projects/epoch_ai/.venv/lib/python3.9/site-packages/sklearn/utils/validation.py:2739: UserWarning: X does not have valid feature names, but LGBMClassifier was fitted with feature names
  warnings.warn(
/Users/anshumalimehta/Projects/epoch_ai/.venv/lib/python3.9/site-packages/sklearn/utils/validation.py:2739: UserWarning: X does not have valid feature names, but LGBMClassifier was fitted with feature names
  warnings.warn(
/Users/anshumalimehta/Projects/epoch_ai/.venv/lib/python3.9/site-packages/sklearn/utils/validation.py:2739: UserWarning: X does not have valid feature names, but LGBMClassifier was fitted with feature names
  warnings.warn(
/Users/anshumalimehta/Projects/epoch_ai/.venv/lib/python3.9/site-packages/sklearn/utils/validation.py:2739: UserWarning: X does not have valid feature names, but LGBMClassifier was fitted with feature names
  warnings.warn(
/Users/anshumalimehta/Projects/epoch_ai/.venv/lib/python3.9/site-packages/sklearn/utils/validation.py:2739: UserWarning: X does not have valid feature names, but LGBMClassifier was fitted with feature names
  warnings.warn(
/Users/anshumalimehta/Projects/epoch_ai/.venv/lib/python3.9/site-packages/sklearn/utils/validation.py:2739: UserWarning: X does not have valid feature names, but LGBMClassifier was fitted with feature names
  warnings.warn(
/Users/anshumalimehta/Projects/epoch_ai/.venv/lib/python3.9/site-packages/sklearn/utils/validation.py:2739: UserWarning: X does not have valid feature names, but LGBMClassifier was fitted with feature names
  warnings.warn(
/Users/anshumalimehta/Projects/epoch_ai/.venv/lib/python3.9/site-packages/sklearn/utils/validation.py:2739: UserWarning: X does not have valid feature names, but LGBMClassifier was fitted with feature names
  warnings.warn(
/Users/anshumalimehta/Projects/epoch_ai/.venv/lib/python3.9/site-packages/sklearn/utils/validation.py:2739: UserWarning: X does not have valid feature names, but LGBMClassifier was fitted with feature names
  warnings.warn(
/Users/anshumalimehta/Projects/epoch_ai/.venv/lib/python3.9/site-packages/sklearn/utils/validation.py:2739: UserWarning: X does not have valid feature names, but LGBMClassifier was fitted with feature names
  warnings.warn(
/Users/anshumalimehta/Projects/epoch_ai/.venv/lib/python3.9/site-packages/sklearn/utils/validation.py:2739: UserWarning: X does not have valid feature names, but LGBMClassifier was fitted with feature names
  warnings.warn(
/Users/anshumalimehta/Projects/epoch_ai/.venv/lib/python3.9/site-packages/sklearn/utils/validation.py:2739: UserWarning: X does not have valid feature names, but LGBMClassifier was fitted with feature names
  warnings.warn(
/Users/anshumalimehta/Projects/epoch_ai/.venv/lib/python3.9/site-packages/sklearn/utils/validation.py:2739: UserWarning: X does not have valid feature names, but LGBMClassifier was fitted with feature names
  warnings.warn(
/Users/anshumalimehta/Projects/epoch_ai/.venv/lib/python3.9/site-packages/sklearn/utils/validation.py:2739: UserWarning: X does not have valid feature names, but LGBMClassifier was fitted with feature names
  warnings.warn(
Loading openmeteo_tide dataset...
  train file: dataset/train_with_openmeteo_tide.csv
  test file:  dataset/test_with_openmeteo_tide.csv
Train: (2601, 42), Test: (1872, 35)
Assumption: tide features were pre-merged using nearest merge_asof with ~10-15 min tolerance.
Assumption: tide columns (tide_water_level_cm_nap, tide_delta_10min, rising_tide_flag) are present.
Extracting trajectory features for train_df...
Extracting trajectory features for test_df...
Tide ablation mode: tide_all
Selected weather features: 19
Metadata interaction pack disabled
Feature matrix: X=(2601, 60), X_test=(1872, 60), classes=9
Oversampler: SMOTENC (default)
Training 10-fold StratifiedGroupKFold...
  Fold 1/10 — train: 2356, val: 245, val mAP: 0.6984
  Fold 2/10 — train: 2313, val: 288, val mAP: 0.6797
  Fold 3/10 — train: 2333, val: 268, val mAP: 0.6812
  Fold 4/10 — train: 2348, val: 253, val mAP: 0.5630
  Fold 5/10 — train: 2325, val: 276, val mAP: 0.6984
  Fold 6/10 — train: 2353, val: 248, val mAP: 0.7386
  Fold 7/10 — train: 2351, val: 250, val mAP: 0.5561
  Fold 8/10 — train: 2316, val: 285, val mAP: 0.5767
  Fold 9/10 — train: 2353, val: 248, val mAP: 0.5781
  Fold 10/10 — train: 2361, val: 240, val mAP: 0.7238

==================================================
CATBOOST ENSEMBLE
==================================================
Training 10-fold CatBoost...
  Fold 1/10 — val mAP: 0.6745
  Fold 2/10 — val mAP: 0.6794
  Fold 3/10 — val mAP: 0.6569
  Fold 4/10 — val mAP: 0.5395
  Fold 5/10 — val mAP: 0.7767
  Fold 6/10 — val mAP: 0.7324
  Fold 7/10 — val mAP: 0.5398
  Fold 8/10 — val mAP: 0.5540
  Fold 9/10 — val mAP: 0.5529
  Fold 10/10 — val mAP: 0.6636
  CatBoost standalone mAP: 0.6161
  Ensembled LightGBM + CatBoost (simple average)

==================================================
TWO-STAGE GULL DETECTOR
==================================================
Training 10-fold two-stage...
  Fold 1/10 — val mAP: 0.7011
  Fold 2/10 — val mAP: 0.6361
  Fold 3/10 — val mAP: 0.6483
  Fold 4/10 — val mAP: 0.5635
  Fold 5/10 — val mAP: 0.7799
  Fold 6/10 — val mAP: 0.7106
  Fold 7/10 — val mAP: 0.5592
  Fold 8/10 — val mAP: 0.5799
  Fold 9/10 — val mAP: 0.5497
  Fold 10/10 — val mAP: 0.6802

  Two-stage standalone mAP: 0.6111
  Per-class AP (two-stage):
    Clutter             : 0.8376
    Cormorants          : 0.2546
    Pigeons             : 0.8315
    Ducks               : 0.6465
    Geese               : 0.3805
    Gulls               : 0.9431
    Birds of Prey       : 0.5598
    Waders              : 0.3204
    Songbirds           : 0.7254

  Ensembled with base model (simple average)

==================================================
 OOF Macro-Averaged AP (mAP): 0.6290
==================================================

 Per-Class Average Precision:
   Clutter             : 0.8735
   Cormorants          : 0.2657
   Pigeons             : 0.8401
   Ducks               : 0.6644
   Geese               : 0.3768
   Gulls               : 0.9436
   Birds of Prey       : 0.6016
   Waders              : 0.3526
   Songbirds           : 0.7426

Saved run_logs/metadata_matrix/C_tide_all_pack_off_submission.csv (1872 rows)
[2026-03-23 03:13:58] END C_tide_all_pack_off
